Archive member included to satisfy reference by file (symbol)

/home/babu/work-zone/firmware/microchip/gcc/arm-gnu-toolchain-6.3.1.508-linux.any.x86_64/arm-none-eabi/bin/../lib/gcc/arm-none-eabi/6.3.1/thumb/v6-m/libgcc.a(_thumb1_case_uqi.o)
                              build/toy-train-config/production/_ext/1360937237/bleTask.o (__gnu_thumb1_case_uqi)
/home/babu/work-zone/firmware/microchip/gcc/arm-gnu-toolchain-6.3.1.508-linux.any.x86_64/arm-none-eabi/bin/../lib/gcc/arm-none-eabi/6.3.1/thumb/v6-m/libgcc.a(_divsi3.o)
                              build/toy-train-config/production/_ext/1360937237/color.o (__aeabi_idiv)
/home/babu/work-zone/firmware/microchip/gcc/arm-gnu-toolchain-6.3.1.508-linux.any.x86_64/arm-none-eabi/bin/../lib/gcc/arm-none-eabi/6.3.1/thumb/v6-m/libgcc.a(_dvmd_tls.o)
                              /home/babu/work-zone/firmware/microchip/gcc/arm-gnu-toolchain-6.3.1.508-linux.any.x86_64/arm-none-eabi/bin/../lib/gcc/arm-none-eabi/6.3.1/thumb/v6-m/libgcc.a(_divsi3.o) (__aeabi_idiv0)
/home/babu/work-zone/firmware/microchip/gcc/arm-gnu-toolchain-6.3.1.508-linux.any.x86_64/arm-none-eabi/bin/../lib/gcc/arm-none-eabi/6.3.1/thumb/v6-m/libgcc.a(_aeabi_uldivmod.o)
                              build/toy-train-config/production/_ext/2071837988/plib_sercom0_usart.o (__aeabi_uldivmod)
/home/babu/work-zone/firmware/microchip/gcc/arm-gnu-toolchain-6.3.1.508-linux.any.x86_64/arm-none-eabi/bin/../lib/gcc/arm-none-eabi/6.3.1/thumb/v6-m/libgcc.a(_muldi3.o)
                              build/toy-train-config/production/_ext/2071837988/plib_sercom0_usart.o (__aeabi_lmul)
/home/babu/work-zone/firmware/microchip/gcc/arm-gnu-toolchain-6.3.1.508-linux.any.x86_64/arm-none-eabi/bin/../lib/gcc/arm-none-eabi/6.3.1/thumb/v6-m/libgcc.a(_udivmoddi4.o)
                              /home/babu/work-zone/firmware/microchip/gcc/arm-gnu-toolchain-6.3.1.508-linux.any.x86_64/arm-none-eabi/bin/../lib/gcc/arm-none-eabi/6.3.1/thumb/v6-m/libgcc.a(_aeabi_uldivmod.o) (__udivmoddi4)
/home/babu/work-zone/firmware/microchip/gcc/arm-gnu-toolchain-6.3.1.508-linux.any.x86_64/arm-none-eabi/bin/../lib/gcc/arm-none-eabi/6.3.1/thumb/v6-m/libgcc.a(_clzdi2.o)
                              /home/babu/work-zone/firmware/microchip/gcc/arm-gnu-toolchain-6.3.1.508-linux.any.x86_64/arm-none-eabi/bin/../lib/gcc/arm-none-eabi/6.3.1/thumb/v6-m/libgcc.a(_udivmoddi4.o) (__clzdi2)
/home/babu/work-zone/firmware/microchip/gcc/arm-gnu-toolchain-6.3.1.508-linux.any.x86_64/arm-none-eabi/bin/../lib/gcc/arm-none-eabi/6.3.1/thumb/v6-m/libgcc.a(_clzsi2.o)
                              /home/babu/work-zone/firmware/microchip/gcc/arm-gnu-toolchain-6.3.1.508-linux.any.x86_64/arm-none-eabi/bin/../lib/gcc/arm-none-eabi/6.3.1/thumb/v6-m/libgcc.a(_clzdi2.o) (__clzsi2)
/home/babu/work-zone/firmware/microchip/gcc/arm-gnu-toolchain-6.3.1.508-linux.any.x86_64/arm-none-eabi/bin/../lib/gcc/arm-none-eabi/6.3.1/../../../../arm-none-eabi/lib/thumb/v6-m/libc.a(lib_a-exit.o)
                              /home/babu/work-zone/firmware/microchip/gcc/arm-gnu-toolchain-6.3.1.508-linux.any.x86_64/arm-none-eabi/bin/../lib/gcc/arm-none-eabi/6.3.1/../../../../arm-none-eabi/lib/thumb/v6-m/crt0.o (exit)
/home/babu/work-zone/firmware/microchip/gcc/arm-gnu-toolchain-6.3.1.508-linux.any.x86_64/arm-none-eabi/bin/../lib/gcc/arm-none-eabi/6.3.1/../../../../arm-none-eabi/lib/thumb/v6-m/libc.a(lib_a-impure.o)
                              /home/babu/work-zone/firmware/microchip/gcc/arm-gnu-toolchain-6.3.1.508-linux.any.x86_64/arm-none-eabi/bin/../lib/gcc/arm-none-eabi/6.3.1/../../../../arm-none-eabi/lib/thumb/v6-m/libc.a(lib_a-exit.o) (_global_impure_ptr)
/home/babu/work-zone/firmware/microchip/gcc/arm-gnu-toolchain-6.3.1.508-linux.any.x86_64/arm-none-eabi/bin/../lib/gcc/arm-none-eabi/6.3.1/../../../../arm-none-eabi/lib/thumb/v6-m/libc.a(lib_a-init.o)
                              /home/babu/work-zone/firmware/microchip/gcc/arm-gnu-toolchain-6.3.1.508-linux.any.x86_64/arm-none-eabi/bin/../lib/gcc/arm-none-eabi/6.3.1/../../../../arm-none-eabi/lib/thumb/v6-m/crt0.o (__libc_init_array)
/home/babu/work-zone/firmware/microchip/gcc/arm-gnu-toolchain-6.3.1.508-linux.any.x86_64/arm-none-eabi/bin/../lib/gcc/arm-none-eabi/6.3.1/../../../../arm-none-eabi/lib/thumb/v6-m/libc.a(lib_a-itoa.o)
                              build/toy-train-config/production/_ext/1360937237/printStr.o (itoa)
/home/babu/work-zone/firmware/microchip/gcc/arm-gnu-toolchain-6.3.1.508-linux.any.x86_64/arm-none-eabi/bin/../lib/gcc/arm-none-eabi/6.3.1/../../../../arm-none-eabi/lib/thumb/v6-m/libc.a(lib_a-memcpy-stub.o)
                              build/toy-train-config/production/_ext/1360937237/bleTask.o (memcpy)
/home/babu/work-zone/firmware/microchip/gcc/arm-gnu-toolchain-6.3.1.508-linux.any.x86_64/arm-none-eabi/bin/../lib/gcc/arm-none-eabi/6.3.1/../../../../arm-none-eabi/lib/thumb/v6-m/libc.a(lib_a-memset.o)
[...]
Memory Configuration

Name             Origin             Length             Attributes
rom              0x0000000000000000 0x0000000000040000 xr
ram              0x0000000020000000 0x0000000000008000 xrw
*default*        0x0000000000000000 0xffffffffffffffff

Linker script and memory map

LOAD /home/babu/work-zone/firmware/microchip/gcc/arm-gnu-toolchain-6.3.1.508-linux.any.x86_64/arm-none-eabi/bin/../lib/gcc/arm-none-eabi/6.3.1/thumb/v6-m/crti.o
LOAD /home/babu/work-zone/firmware/microchip/gcc/arm-gnu-toolchain-6.3.1.508-linux.any.x86_64/arm-none-eabi/bin/../lib/gcc/arm-none-eabi/6.3.1/thumb/v6-m/crtbegin.o
LOAD /home/babu/work-zone/firmware/microchip/gcc/arm-gnu-toolchain-6.3.1.508-linux.any.x86_64/arm-none-eabi/bin/../lib/gcc/arm-none-eabi/6.3.1/../../../../arm-none-eabi/lib/thumb/v6-m/crt0.o
LOAD build/toy-train-config/production/_ext/1360937237/bleTask.o
LOAD build/toy-train-config/production/_ext/1360937237/hallSensorTask.o
LOAD build/toy-train-config/production/_ext/1360937237/photoSensorTask.o
LOAD build/toy-train-config/production/_ext/1360937237/sTimerTask.o
LOAD build/toy-train-config/production/_ext/1312487053/plib_adc.o
LOAD build/toy-train-config/production/_ext/1422427169/plib_clock.o
LOAD build/toy-train-config/production/_ext/1312484263/plib_dac.o
LOAD build/toy-train-config/production/_ext/2032294920/plib_dmac.o
LOAD build/toy-train-config/production/_ext/1424576655/plib_evsys.o
LOAD build/toy-train-config/production/_ext/2031988113/plib_nvic.o
LOAD build/toy-train-config/production/_ext/1684995357/plib_nvmctrl.o
LOAD build/toy-train-config/production/_ext/2031934962/plib_port.o
LOAD build/toy-train-config/production/_ext/2071837988/plib_sercom0_usart.o
LOAD build/toy-train-config/production/_ext/2071837988/plib_sercom2_usart.o
LOAD build/toy-train-config/production/_ext/873621700/plib_tc3.o
LOAD build/toy-train-config/production/_ext/873621700/plib_tc4.o
LOAD build/toy-train-config/production/_ext/1312468825/plib_tcc2.o
LOAD build/toy-train-config/production/_ext/1312468825/plib_tcc0.o
LOAD build/toy-train-config/production/_ext/336147711/gcc_monitor.o
LOAD build/toy-train-config/production/_ext/1423632105/initialization.o
LOAD build/toy-train-config/production/_ext/1423632105/interrupts.o
LOAD build/toy-train-config/production/_ext/1423632105/exceptions.o
LOAD build/toy-train-config/production/_ext/336147711/libc_syscalls.o
LOAD build/toy-train-config/production/_ext/336147711/startup_gcc.o
LOAD build/toy-train-config/production/_ext/1423632105/freertos_hooks.o
LOAD build/toy-train-config/production/_ext/1624415188/port.o
LOAD build/toy-train-config/production/_ext/1665200909/heap_1.o
LOAD build/toy-train-config/production/_ext/404212886/croutine.o
LOAD build/toy-train-config/production/_ext/404212886/list.o
LOAD build/toy-train-config/production/_ext/404212886/queue.o
LOAD build/toy-train-config/production/_ext/404212886/FreeRTOS_tasks.o
LOAD build/toy-train-config/production/_ext/404212886/timers.o
LOAD build/toy-train-config/production/_ext/404212886/event_groups.o
LOAD build/toy-train-config/production/_ext/404212886/stream_buffer.o
LOAD build/toy-train-config/production/_ext/1360937237/bluetooth.o
LOAD build/toy-train-config/production/_ext/1360937237/colorDetect.o
LOAD build/toy-train-config/production/_ext/1360937237/printStr.o
LOAD build/toy-train-config/production/_ext/1360937237/sort.o
LOAD build/toy-train-config/production/_ext/1360937237/color.o
LOAD build/toy-train-config/production/_ext/1360937237/music.o
LOAD build/toy-train-config/production/_ext/1360937237/powerOffMusic.o
LOAD build/toy-train-config/production/_ext/1360937237/powerOnMusic.o
LOAD build/toy-train-config/production/_ext/1360937237/sampleMusicOne.o
LOAD build/toy-train-config/production/_ext/1360937237/sampleMusicTwo.o
LOAD build/toy-train-config/production/_ext/1360937237/hornMusic.o
LOAD build/toy-train-config/production/_ext/1360937237/bleOnMusic.o
LOAD build/toy-train-config/production/_ext/1360937237/bleOffMusic.o
LOAD build/toy-train-config/production/_ext/1360937237/bellMusic.o
LOAD build/toy-train-config/production/_ext/1360937237/carWashMusic.o
LOAD build/toy-train-config/production/_ext/1360937237/AppGlobals.o
LOAD build/toy-train-config/production/_ext/1360937237/audio.o
LOAD build/toy-train-config/production/_ext/1360937237/motorControl.o
LOAD build/toy-train-config/production/_ext/1360937237/rgbLed.o
LOAD build/toy-train-config/production/_ext/1360937237/hallSensor.o
LOAD build/toy-train-config/production/_ext/1360937237/main.o
                0x0000000000000001                __MPLAB_BUILD = 0x1
START GROUP
LOAD /home/babu/work-zone/firmware/microchip/gcc/arm-gnu-toolchain-6.3.1.508-linux.any.x86_64/arm-none-eabi/bin/../lib/gcc/arm-none-eabi/6.3.1/thumb/v6-m/libgcc.a
LOAD /home/babu/work-zone/firmware/microchip/gcc/arm-gnu-toolchain-6.3.1.508-linux.any.x86_64/arm-none-eabi/bin/../lib/gcc/arm-none-eabi/6.3.1/../../../../arm-none-eabi/lib/thumb/v6-m/libc.a
END GROUP
START GROUP
LOAD /home/babu/work-zone/firmware/microchip/gcc/arm-gnu-toolchain-6.3.1.508-linux.any.x86_64/arm-none-eabi/bin/../lib/gcc/arm-none-eabi/6.3.1/thumb/v6-m/libgcc.a
LOAD /home/babu/work-zone/firmware/microchip/gcc/arm-gnu-toolchain-6.3.1.508-linux.any.x86_64/arm-none-eabi/bin/../lib/gcc/arm-none-eabi/6.3.1/../../../../arm-none-eabi/lib/thumb/v6-m/libc.a
LOAD /home/babu/work-zone/firmware/microchip/gcc/arm-gnu-toolchain-6.3.1.508-linux.any.x86_64/arm-none-eabi/bin/../lib/gcc/arm-none-eabi/6.3.1/../../../../arm-none-eabi/lib/thumb/v6-m/libnosys.a
END GROUP
LOAD /home/babu/work-zone/firmware/microchip/gcc/arm-gnu-toolchain-6.3.1.508-linux.any.x86_64/arm-none-eabi/bin/../lib/gcc/arm-none-eabi/6.3.1/thumb/v6-m/crtend.o
LOAD /home/babu/work-zone/firmware/microchip/gcc/arm-gnu-toolchain-6.3.1.508-linux.any.x86_64/arm-none-eabi/bin/../lib/gcc/arm-none-eabi/6.3.1/thumb/v6-m/crtn.o
                0x0000000000002000                STACK_SIZE = DEFINED (STACK_SIZE)?STACK_SIZE:DEFINED (__stack_size__)?__stack_size__:0x2000

.text           0x0000000000000000    0x21d60
                0x0000000000000000                . = ALIGN (0x4)
                0x0000000000000000                _sfixed = .
 *(.vectors .vectors.*)
 .vectors       0x0000000000000000       0xb0 build/toy-train-config/production/_ext/1423632105/interrupts.o
                0x0000000000000000                exception_table
 *(.text .text.* .gnu.linkonce.t.*)
 .text          0x00000000000000b0       0x60 /home/babu/work-zone/firmware/microchip/gcc/arm-gnu-toolchain-6.3.1.508-linux.any.x86_64/arm-none-eabi/bin/../lib/gcc/arm-none-eabi/6.3.1/thumb/v6-m/crtbegin.o
 .text.sercom2WriteCallBack
                0x0000000000000110        0xc build/toy-train-config/production/_ext/1360937237/bleTask.o
                0x0000000000000110                sercom2WriteCallBack
 .text.sercom2ReadCallBack
                0x000000000000011c       0x34 build/toy-train-config/production/_ext/1360937237/bleTask.o
                0x000000000000011c                sercom2ReadCallBack
 .text.initBluetoothSerial
                0x0000000000000150       0x24 build/toy-train-config/production/_ext/1360937237/bleTask.o
                0x0000000000000150                initBluetoothSerial
 .text.convertToHex
                0x0000000000000174       0x1a build/toy-train-config/production/_ext/1360937237/bleTask.o
                0x0000000000000174                convertToHex
 *fill*         0x000000000000018e        0x2 
 .text.checkBlutoothCommand
                0x0000000000000190       0xb4 build/toy-train-config/production/_ext/1360937237/bleTask.o
                0x0000000000000190                checkBlutoothCommand
 .text.TASK_ble
                0x0000000000000244       0xb4 build/toy-train-config/production/_ext/1360937237/bleTask.o
                0x0000000000000244                TASK_ble
 .text.initBleTask
                0x00000000000002f8       0x34 build/toy-train-config/production/_ext/1360937237/bleTask.o
                0x00000000000002f8                initBleTask
 .text.TASK_hallSensor
                0x000000000000032c       0x90 build/toy-train-config/production/_ext/1360937237/hallSensorTask.o
 .text.initHallSensorTask
                0x00000000000003bc       0x28 build/toy-train-config/production/_ext/1360937237/hallSensorTask.o
                0x00000000000003bc                initHallSensorTask
 .text.DmacCh0Cb
                0x00000000000003e4       0x28 build/toy-train-config/production/_ext/1360937237/photoSensorTask.o
                0x00000000000003e4                DmacCh0Cb
 .text.getColor
                0x000000000000040c       0x44 build/toy-train-config/production/_ext/1360937237/photoSensorTask.o
                0x000000000000040c                getColor
 .text.handleColor
                0x0000000000000450       0xd4 build/toy-train-config/production/_ext/1360937237/photoSensorTask.o
                0x0000000000000450                handleColor
 .text.TASK_photoSensor
                0x0000000000000524      0x144 build/toy-train-config/production/_ext/1360937237/photoSensorTask.o
                0x0000000000000524                TASK_photoSensor
 .text.initPhotoTask
                0x0000000000000668       0x28 build/toy-train-config/production/_ext/1360937237/photoSensorTask.o
                0x0000000000000668                initPhotoTask
 .text.TASK_sTimer
                0x0000000000000690       0x74 build/toy-train-config/production/_ext/1360937237/sTimerTask.o
                0x0000000000000690                TASK_sTimer
 .text.initSoftTimerTask
                0x0000000000000704       0x24 build/toy-train-config/production/_ext/1360937237/sTimerTask.o
                0x0000000000000704                initSoftTimerTask
 .text.ADC_Initialize
                0x0000000000000728       0x74 build/toy-train-config/production/_ext/1312487053/plib_adc.o
                0x0000000000000728                ADC_Initialize
 .text.ADC_Enable
                0x000000000000079c       0x18 build/toy-train-config/production/_ext/1312487053/plib_adc.o
                0x000000000000079c                ADC_Enable
 .text.ADC_Disable
                0x00000000000007b4       0x18 build/toy-train-config/production/_ext/1312487053/plib_adc.o
                0x00000000000007b4                ADC_Disable
 .text.CLOCK_Initialize
                0x00000000000007cc       0xb4 build/toy-train-config/production/_ext/1422427169/plib_clock.o
                0x00000000000007cc                CLOCK_Initialize
 .text.DAC_Initialize
                0x0000000000000880       0x1c build/toy-train-config/production/_ext/1312484263/plib_dac.o
                0x0000000000000880                DAC_Initialize
 .text.DMAC_Initialize
                0x000000000000089c       0x70 build/toy-train-config/production/_ext/2032294920/plib_dmac.o
                0x000000000000089c                DMAC_Initialize
 .text.DMAC_ChannelTransfer
                0x000000000000090c       0xac build/toy-train-config/production/_ext/2032294920/plib_dmac.o
                0x000000000000090c                DMAC_ChannelTransfer
 .text.DMAC_ChannelDisable
                0x00000000000009b8       0x34 build/toy-train-config/production/_ext/2032294920/plib_dmac.o
                0x00000000000009b8                DMAC_ChannelDisable
 .text.DMAC_ChannelLinkedListTransfer
                0x00000000000009ec       0x78 build/toy-train-config/production/_ext/2032294920/plib_dmac.o
                0x00000000000009ec                DMAC_ChannelLinkedListTransfer
 .text.DMAC_ChannelCallbackRegister
                0x0000000000000a64       0x10 build/toy-train-config/production/_ext/2032294920/plib_dmac.o
                0x0000000000000a64                DMAC_ChannelCallbackRegister
 .text.DMAC_InterruptHandler
                0x0000000000000a74       0x68 build/toy-train-config/production/_ext/2032294920/plib_dmac.o
                0x0000000000000a74                DMAC_InterruptHandler
 .text.EVSYS_Initialize
                0x0000000000000adc        0x2 build/toy-train-config/production/_ext/1424576655/plib_evsys.o
                0x0000000000000adc                EVSYS_Initialize
 *fill*         0x0000000000000ade        0x2 
 .text.NVIC_Initialize
                0x0000000000000ae0       0x40 build/toy-train-config/production/_ext/2031988113/plib_nvic.o
                0x0000000000000ae0                NVIC_Initialize
 .text.NVMCTRL_Initialize
                0x0000000000000b20        0xc build/toy-train-config/production/_ext/1684995357/plib_nvmctrl.o
                0x0000000000000b20                NVMCTRL_Initialize
 .text.PORT_Initialize
                0x0000000000000b2c       0x64 build/toy-train-config/production/_ext/2031934962/plib_port.o
                0x0000000000000b2c                PORT_Initialize
 .text.SERCOM0_USART_Initialize
                0x0000000000000b90       0x30 build/toy-train-config/production/_ext/2071837988/plib_sercom0_usart.o
                0x0000000000000b90                SERCOM0_USART_Initialize
 .text.SERCOM0_USART_Write
                0x0000000000000bc0       0x3c build/toy-train-config/production/_ext/2071837988/plib_sercom0_usart.o
                0x0000000000000bc0                SERCOM0_USART_Write
 .text.SERCOM2_USART_ErrorClear
                0x0000000000000bfc       0x24 build/toy-train-config/production/_ext/2071837988/plib_sercom2_usart.o
 .text.SERCOM2_USART_Initialize
                0x0000000000000c20       0x50 build/toy-train-config/production/_ext/2071837988/plib_sercom2_usart.o
                0x0000000000000c20                SERCOM2_USART_Initialize
 .text.SERCOM2_USART_ErrorGet
                0x0000000000000c70       0x10 build/toy-train-config/production/_ext/2071837988/plib_sercom2_usart.o
                0x0000000000000c70                SERCOM2_USART_ErrorGet
 .text.SERCOM2_USART_WriteCallbackRegister
                0x0000000000000c80        0xc build/toy-train-config/production/_ext/2071837988/plib_sercom2_usart.o
                0x0000000000000c80                SERCOM2_USART_WriteCallbackRegister
 .text.SERCOM2_USART_Read
                0x0000000000000c8c       0x44 build/toy-train-config/production/_ext/2071837988/plib_sercom2_usart.o
                0x0000000000000c8c                SERCOM2_USART_Read
 .text.SERCOM2_USART_ReadCallbackRegister
                0x0000000000000cd0        0xc build/toy-train-config/production/_ext/2071837988/plib_sercom2_usart.o
                0x0000000000000cd0                SERCOM2_USART_ReadCallbackRegister
 .text.SERCOM2_USART_InterruptHandler
                0x0000000000000cdc      0x138 build/toy-train-config/production/_ext/2071837988/plib_sercom2_usart.o
                0x0000000000000cdc                SERCOM2_USART_InterruptHandler
 .text.TC3_CompareInitialize
                0x0000000000000e14       0x34 build/toy-train-config/production/_ext/873621700/plib_tc3.o
                0x0000000000000e14                TC3_CompareInitialize
 .text.TC3_CompareStart
                0x0000000000000e48       0x18 build/toy-train-config/production/_ext/873621700/plib_tc3.o
                0x0000000000000e48                TC3_CompareStart
 .text.TC3_Compare8bitMatch0Set
                0x0000000000000e60       0x14 build/toy-train-config/production/_ext/873621700/plib_tc3.o
                0x0000000000000e60                TC3_Compare8bitMatch0Set
 .text.TC4_TimerInitialize
                0x0000000000000e74       0x30 build/toy-train-config/production/_ext/873621700/plib_tc4.o
                0x0000000000000e74                TC4_TimerInitialize
 .text.TC4_TimerStart
                0x0000000000000ea4       0x18 build/toy-train-config/production/_ext/873621700/plib_tc4.o
                0x0000000000000ea4                TC4_TimerStart
 .text.TCC2_PWMInitialize
                0x0000000000000ebc       0x2c build/toy-train-config/production/_ext/1312468825/plib_tcc2.o
                0x0000000000000ebc                TCC2_PWMInitialize
 .text.TCC2_PWMStart
                0x0000000000000ee8       0x18 build/toy-train-config/production/_ext/1312468825/plib_tcc2.o
                0x0000000000000ee8                TCC2_PWMStart
 .text.TCC0_PWMInitialize
                0x0000000000000f00       0x44 build/toy-train-config/production/_ext/1312468825/plib_tcc0.o
                0x0000000000000f00                TCC0_PWMInitialize
 .text.TCC0_PWMStart
                0x0000000000000f44       0x18 build/toy-train-config/production/_ext/1312468825/plib_tcc0.o
                0x0000000000000f44                TCC0_PWMStart
 .text.SYS_Initialize
                0x0000000000000f5c       0x80 build/toy-train-config/production/_ext/1423632105/initialization.o
                0x0000000000000f5c                SYS_Initialize
 .text.Dummy_Handler
                0x0000000000000fdc        0x2 build/toy-train-config/production/_ext/1423632105/interrupts.o
                0x0000000000000fdc                AC_Handler
                0x0000000000000fdc                SERCOM1_Handler
                0x0000000000000fdc                ADC_Handler
                0x0000000000000fdc                TCC1_Handler
                0x0000000000000fdc                TCC0_Handler
                0x0000000000000fdc                RTC_Handler
                0x0000000000000fdc                EIC_Handler
                0x0000000000000fdc                WDT_Handler
                0x0000000000000fdc                TC4_Handler
                0x0000000000000fdc                USB_Handler
                0x0000000000000fdc                TC3_Handler
                0x0000000000000fdc                Dummy_Handler
                0x0000000000000fdc                PM_Handler
                0x0000000000000fdc                SERCOM5_Handler
                0x0000000000000fdc                TCC2_Handler
                0x0000000000000fdc                EVSYS_Handler
                0x0000000000000fdc                SERCOM3_Handler
                0x0000000000000fdc                SERCOM4_Handler
                0x0000000000000fdc                I2S_Handler
                0x0000000000000fdc                NVMCTRL_Handler
                0x0000000000000fdc                SERCOM0_Handler
                0x0000000000000fdc                DAC_Handler
                0x0000000000000fdc                PTC_Handler
                0x0000000000000fdc                TC5_Handler
                0x0000000000000fdc                SYSCTRL_Handler
 .text.NonMaskableInt_Handler
                0x0000000000000fde        0x2 build/toy-train-config/production/_ext/1423632105/exceptions.o
                0x0000000000000fde                NonMaskableInt_Handler
 .text.HardFault_Handler
                0x0000000000000fe0        0x2 build/toy-train-config/production/_ext/1423632105/exceptions.o
                0x0000000000000fe0                HardFault_Handler
 *fill*         0x0000000000000fe2        0x2 
 .text.Reset_Handler
                0x0000000000000fe4       0x90 build/toy-train-config/production/_ext/336147711/startup_gcc.o
                0x0000000000000fe4                Reset_Handler
 .text.vApplicationStackOverflowHook
                0x0000000000001074        0x4 build/toy-train-config/production/_ext/1423632105/freertos_hooks.o
                0x0000000000001074                vApplicationStackOverflowHook
 .text.vApplicationMallocFailedHook
                0x0000000000001078        0x4 build/toy-train-config/production/_ext/1423632105/freertos_hooks.o
                0x0000000000001078                vApplicationMallocFailedHook
 .text.prvTaskExitError
                0x000000000000107c       0x12 build/toy-train-config/production/_ext/1624415188/port.o
 *fill*         0x000000000000108e        0x2 
 .text.vPortStartFirstTask
                0x0000000000001090       0x34 build/toy-train-config/production/_ext/1624415188/port.o
 .text.pxPortInitialiseStack
                0x00000000000010c4       0x20 build/toy-train-config/production/_ext/1624415188/port.o
                0x00000000000010c4                pxPortInitialiseStack
 .text.vPortSVCHandler
                0x00000000000010e4        0x2 build/toy-train-config/production/_ext/1624415188/port.o
                0x00000000000010e4                vPortSVCHandler
 *fill*         0x00000000000010e6        0x2 
 .text.vPortYield
                0x00000000000010e8       0x18 build/toy-train-config/production/_ext/1624415188/port.o
                0x00000000000010e8                vPortYield
 .text.vPortEnterCritical
                0x0000000000001100       0x18 build/toy-train-config/production/_ext/1624415188/port.o
                0x0000000000001100                vPortEnterCritical
 .text.vPortExitCritical
                0x0000000000001118       0x14 build/toy-train-config/production/_ext/1624415188/port.o
                0x0000000000001118                vPortExitCritical
 .text.ulSetInterruptMaskFromISR
                0x000000000000112c        0x8 build/toy-train-config/production/_ext/1624415188/port.o
                0x000000000000112c                ulSetInterruptMaskFromISR
 .text.vClearInterruptMaskFromISR
                0x0000000000001134        0x6 build/toy-train-config/production/_ext/1624415188/port.o
                0x0000000000001134                vClearInterruptMaskFromISR
 *fill*         0x000000000000113a        0x6 
 .text.xPortPendSVHandler
                0x0000000000001140       0x44 build/toy-train-config/production/_ext/1624415188/port.o
                0x0000000000001140                xPortPendSVHandler
 .text.xPortSysTickHandler
                0x0000000000001184       0x30 build/toy-train-config/production/_ext/1624415188/port.o
                0x0000000000001184                xPortSysTickHandler
 .text.vPortSetupTimerInterrupt
                0x00000000000011b4       0x28 build/toy-train-config/production/_ext/1624415188/port.o
                0x00000000000011b4                vPortSetupTimerInterrupt
 .text.xPortStartScheduler
                0x00000000000011dc       0x4c build/toy-train-config/production/_ext/1624415188/port.o
                0x00000000000011dc                xPortStartScheduler
 .text.pvPortMalloc
                0x0000000000001228       0x64 build/toy-train-config/production/_ext/1665200909/heap_1.o
                0x0000000000001228                pvPortMalloc
 .text.vPortFree
                0x000000000000128c        0x2 build/toy-train-config/production/_ext/1665200909/heap_1.o
                0x000000000000128c                vPortFree
 .text.vListInitialise
                0x000000000000128e       0x16 build/toy-train-config/production/_ext/404212886/list.o
                0x000000000000128e                vListInitialise
 .text.vListInitialiseItem
                0x00000000000012a4        0x6 build/toy-train-config/production/_ext/404212886/list.o
                0x00000000000012a4                vListInitialiseItem
 .text.vListInsertEnd
                0x00000000000012aa       0x18 build/toy-train-config/production/_ext/404212886/list.o
                0x00000000000012aa                vListInsertEnd
 .text.vListInsert
                0x00000000000012c2       0x2e build/toy-train-config/production/_ext/404212886/list.o
                0x00000000000012c2                vListInsert
 .text.uxListRemove
                0x00000000000012f0       0x22 build/toy-train-config/production/_ext/404212886/list.o
                0x00000000000012f0                uxListRemove
 *fill*         0x0000000000001312        0x2 
 .text.prvResetNextTaskUnblockTime
                0x0000000000001314       0x20 build/toy-train-config/production/_ext/404212886/FreeRTOS_tasks.o
 .text.prvAddCurrentTaskToDelayedList
                0x0000000000001334       0x60 build/toy-train-config/production/_ext/404212886/FreeRTOS_tasks.o
 .text.prvIdleTask
                0x0000000000001394       0x58 build/toy-train-config/production/_ext/404212886/FreeRTOS_tasks.o
 .text.xTaskCreate
                0x00000000000013ec      0x1a0 build/toy-train-config/production/_ext/404212886/FreeRTOS_tasks.o
                0x00000000000013ec                xTaskCreate
 .text.vTaskStartScheduler
                0x000000000000158c       0x4c build/toy-train-config/production/_ext/404212886/FreeRTOS_tasks.o
                0x000000000000158c                vTaskStartScheduler
 .text.vTaskSuspendAll
                0x00000000000015d8       0x10 build/toy-train-config/production/_ext/404212886/FreeRTOS_tasks.o
                0x00000000000015d8                vTaskSuspendAll
 .text.xTaskIncrementTick
                0x00000000000015e8       0xd4 build/toy-train-config/production/_ext/404212886/FreeRTOS_tasks.o
                0x00000000000015e8                xTaskIncrementTick
 .text.xTaskResumeAll
                0x00000000000016bc       0xc4 build/toy-train-config/production/_ext/404212886/FreeRTOS_tasks.o
                0x00000000000016bc                xTaskResumeAll
 .text.vTaskDelay
                0x0000000000001780       0x34 build/toy-train-config/production/_ext/404212886/FreeRTOS_tasks.o
                0x0000000000001780                vTaskDelay
 .text.vTaskSwitchContext
                0x00000000000017b4       0x84 build/toy-train-config/production/_ext/404212886/FreeRTOS_tasks.o
                0x00000000000017b4                vTaskSwitchContext
 .text.xTaskNotifyWait
                0x0000000000001838       0x84 build/toy-train-config/production/_ext/404212886/FreeRTOS_tasks.o
                0x0000000000001838                xTaskNotifyWait
 .text.xTaskGenericNotifyFromISR
                0x00000000000018bc       0xc0 build/toy-train-config/production/_ext/404212886/FreeRTOS_tasks.o
                0x00000000000018bc                xTaskGenericNotifyFromISR
 .text.print_int
                0x000000000000197c       0x40 build/toy-train-config/production/_ext/1360937237/printStr.o
                0x000000000000197c                print_int
 .text.bubbleSort
                0x00000000000019bc       0x36 build/toy-train-config/production/_ext/1360937237/sort.o
                0x00000000000019bc                bubbleSort
 *fill*         0x00000000000019f2        0x2 
 .text.generateColor
                0x00000000000019f4      0x140 build/toy-train-config/production/_ext/1360937237/color.o
                0x00000000000019f4                generateColor
 .text.sizeOfPowerOffMusic
                0x0000000000001b34        0x4 build/toy-train-config/production/_ext/1360937237/powerOffMusic.o
                0x0000000000001b34                sizeOfPowerOffMusic
 .text.sizeOfPowerOnMusic
                0x0000000000001b38        0x8 build/toy-train-config/production/_ext/1360937237/powerOnMusic.o
                0x0000000000001b38                sizeOfPowerOnMusic
 .text.sizeOfSampleOneMusic
                0x0000000000001b40        0x4 build/toy-train-config/production/_ext/1360937237/sampleMusicOne.o
                0x0000000000001b40                sizeOfSampleOneMusic
 .text.sizeOfSampleTwoMusic
                0x0000000000001b44        0x4 build/toy-train-config/production/_ext/1360937237/sampleMusicTwo.o
                0x0000000000001b44                sizeOfSampleTwoMusic
 .text.sizeOfHornMusic
                0x0000000000001b48        0x4 build/toy-train-config/production/_ext/1360937237/hornMusic.o
                0x0000000000001b48                sizeOfHornMusic
 .text.sizeOfBleOnMusic
                0x0000000000001b4c        0x4 build/toy-train-config/production/_ext/1360937237/bleOnMusic.o
                0x0000000000001b4c                sizeOfBleOnMusic
 .text.sizeOfBleOffMusic
                0x0000000000001b50        0x4 build/toy-train-config/production/_ext/1360937237/bleOffMusic.o
                0x0000000000001b50                sizeOfBleOffMusic
 .text.sizeOfBellMusic
                0x0000000000001b54        0x6 build/toy-train-config/production/_ext/1360937237/bellMusic.o
                0x0000000000001b54                sizeOfBellMusic
 .text.sizeOfCarWashMusic
                0x0000000000001b5a        0x4 build/toy-train-config/production/_ext/1360937237/carWashMusic.o
                0x0000000000001b5a                sizeOfCarWashMusic
 *fill*         0x0000000000001b5e        0x2 
 .text.playAudio
                0x0000000000001b60       0x68 build/toy-train-config/production/_ext/1360937237/audio.o
                0x0000000000001b60                playAudio
 .text.initAudioPeripheral
                0x0000000000001bc8       0xd0 build/toy-train-config/production/_ext/1360937237/audio.o
                0x0000000000001bc8                initAudioPeripheral
 .text.TCC0_PWM24bitDutySet
                0x0000000000001c98       0x28 build/toy-train-config/production/_ext/1360937237/motorControl.o
 .text.initMotorPeripheral
                0x0000000000001cc0       0x20 build/toy-train-config/production/_ext/1360937237/motorControl.o
                0x0000000000001cc0                initMotorPeripheral
 .text.motorControl
                0x0000000000001ce0       0x3c build/toy-train-config/production/_ext/1360937237/motorControl.o
                0x0000000000001ce0                motorControl
 .text.accelerateMotor
                0x0000000000001d1c       0x48 build/toy-train-config/production/_ext/1360937237/motorControl.o
                0x0000000000001d1c                accelerateMotor
 .text.reverseMotor
                0x0000000000001d64       0x20 build/toy-train-config/production/_ext/1360937237/motorControl.o
                0x0000000000001d64                reverseMotor
 .text.stopMotor
                0x0000000000001d84       0x18 build/toy-train-config/production/_ext/1360937237/motorControl.o
                0x0000000000001d84                stopMotor
 .text.decelerateMotor
                0x0000000000001d9c       0x40 build/toy-train-config/production/_ext/1360937237/motorControl.o
                0x0000000000001d9c                decelerateMotor
 .text.getMotorDirection
                0x0000000000001ddc        0xc build/toy-train-config/production/_ext/1360937237/motorControl.o
                0x0000000000001ddc                getMotorDirection
 .text.TCC2_PWM16bitDutySet
                0x0000000000001de8       0x24 build/toy-train-config/production/_ext/1360937237/rgbLed.o
 .text.initRGBPeripheral
                0x0000000000001e0c       0x30 build/toy-train-config/production/_ext/1360937237/rgbLed.o
                0x0000000000001e0c                initRGBPeripheral
 .text.RGBcolorWrite
                0x0000000000001e3c       0x24 build/toy-train-config/production/_ext/1360937237/rgbLed.o
                0x0000000000001e3c                RGBcolorWrite
 .text.RGBsetColor
                0x0000000000001e60       0x44 build/toy-train-config/production/_ext/1360937237/rgbLed.o
                0x0000000000001e60                RGBsetColor
 .text.measureHallSensorValue
                0x0000000000001ea4       0x58 build/toy-train-config/production/_ext/1360937237/hallSensor.o
                0x0000000000001ea4                measureHallSensorValue
 .text.setHallSensorReadDelay
                0x0000000000001efc        0xc build/toy-train-config/production/_ext/1360937237/hallSensor.o
                0x0000000000001efc                setHallSensorReadDelay
 .text.setHallNoReasultInterval
                0x0000000000001f08        0xc build/toy-train-config/production/_ext/1360937237/hallSensor.o
                0x0000000000001f08                setHallNoReasultInterval
 .text.startup.main
                0x0000000000001f14       0x68 build/toy-train-config/production/_ext/1360937237/main.o
                0x0000000000001f14                main
 .text          0x0000000000001f7c       0x14 /home/babu/work-zone/firmware/microchip/gcc/arm-gnu-toolchain-6.3.1.508-linux.any.x86_64/arm-none-eabi/bin/../lib/gcc/arm-none-eabi/6.3.1/thumb/v6-m/libgcc.a(_thumb1_case_uqi.o)
                0x0000000000001f7c                __gnu_thumb1_case_uqi
 .text          0x0000000000001f90      0x1d4 /home/babu/work-zone/firmware/microchip/gcc/arm-gnu-toolchain-6.3.1.508-linux.any.x86_64/arm-none-eabi/bin/../lib/gcc/arm-none-eabi/6.3.1/thumb/v6-m/libgcc.a(_divsi3.o)
                0x0000000000001f90                __aeabi_idiv
                0x0000000000001f90                __divsi3
                0x000000000000215c                __aeabi_idivmod
 .text          0x0000000000002164        0x4 /home/babu/work-zone/firmware/microchip/gcc/arm-gnu-toolchain-6.3.1.508-linux.any.x86_64/arm-none-eabi/bin/../lib/gcc/arm-none-eabi/6.3.1/thumb/v6-m/libgcc.a(_dvmd_tls.o)
                0x0000000000002164                __aeabi_ldiv0
                0x0000000000002164                __aeabi_idiv0
 .text.__libc_init_array
                0x0000000000002168       0x48 /home/babu/work-zone/firmware/microchip/gcc/arm-gnu-toolchain-6.3.1.508-linux.any.x86_64/arm-none-eabi/bin/../lib/gcc/arm-none-eabi/6.3.1/../../../../arm-none-eabi/lib/thumb/v6-m/libc.a(lib_a-init.o)
                0x0000000000002168                __libc_init_array
 .text.__itoa   0x00000000000021b0       0x30 /home/babu/work-zone/firmware/microchip/gcc/arm-gnu-toolchain-6.3.1.508-linux.any.x86_64/arm-none-eabi/bin/../lib/gcc/arm-none-eabi/6.3.1/../../../../arm-none-eabi/lib/thumb/v6-m/libc.a(lib_a-itoa.o)
                0x00000000000021b0                __itoa
 .text.itoa     0x00000000000021e0        0x8 /home/babu/work-zone/firmware/microchip/gcc/arm-gnu-toolchain-6.3.1.508-linux.any.x86_64/arm-none-eabi/bin/../lib/gcc/arm-none-eabi/6.3.1/../../../../arm-none-eabi/lib/thumb/v6-m/libc.a(lib_a-itoa.o)
                0x00000000000021e0                itoa
 .text.memcpy   0x00000000000021e8       0x84 /home/babu/work-zone/firmware/microchip/gcc/arm-gnu-toolchain-6.3.1.508-linux.any.x86_64/arm-none-eabi/bin/../lib/gcc/arm-none-eabi/6.3.1/../../../../arm-none-eabi/lib/thumb/v6-m/libc.a(lib_a-memcpy-stub.o)
                0x00000000000021e8                memcpy
 .text.memset   0x000000000000226c       0x94 /home/babu/work-zone/firmware/microchip/gcc/arm-gnu-toolchain-6.3.1.508-linux.any.x86_64/arm-none-eabi/bin/../lib/gcc/arm-none-eabi/6.3.1/../../../../arm-none-eabi/lib/thumb/v6-m/libc.a(lib_a-memset.o)
                0x000000000000226c                memset
 .text.strcat   0x0000000000002300       0x4c /home/babu/work-zone/firmware/microchip/gcc/arm-gnu-toolchain-6.3.1.508-linux.any.x86_64/arm-none-eabi/bin/../lib/gcc/arm-none-eabi/6.3.1/../../../../arm-none-eabi/lib/thumb/v6-m/libc.a(lib_a-strcat.o)
                0x0000000000002300                strcat
 .text.strcpy   0x000000000000234c       0x10 /home/babu/work-zone/firmware/microchip/gcc/arm-gnu-toolchain-6.3.1.508-linux.any.x86_64/arm-none-eabi/bin/../lib/gcc/arm-none-eabi/6.3.1/../../../../arm-none-eabi/lib/thumb/v6-m/libc.a(lib_a-strcpy.o)
                0x000000000000234c                strcpy
 .text.__utoa   0x000000000000235c       0x8c /home/babu/work-zone/firmware/microchip/gcc/arm-gnu-toolchain-6.3.1.508-linux.any.x86_64/arm-none-eabi/bin/../lib/gcc/arm-none-eabi/6.3.1/../../../../arm-none-eabi/lib/thumb/v6-m/libc.a(lib_a-utoa.o)
                0x000000000000235c                __utoa
 .text.startup.register_fini
                0x00000000000023e8       0x18 /home/babu/work-zone/firmware/microchip/gcc/arm-gnu-toolchain-6.3.1.508-linux.any.x86_64/arm-none-eabi/bin/../lib/gcc/arm-none-eabi/6.3.1/../../../../arm-none-eabi/lib/thumb/v6-m/libc.a(lib_a-__call_atexit.o)
 .text.atexit   0x0000000000002400       0x10 /home/babu/work-zone/firmware/microchip/gcc/arm-gnu-toolchain-6.3.1.508-linux.any.x86_64/arm-none-eabi/bin/../lib/gcc/arm-none-eabi/6.3.1/../../../../arm-none-eabi/lib/thumb/v6-m/libc.a(lib_a-atexit.o)
                0x0000000000002400                atexit
 .text.__libc_fini_array
                0x0000000000002410       0x34 /home/babu/work-zone/firmware/microchip/gcc/arm-gnu-toolchain-6.3.1.508-linux.any.x86_64/arm-none-eabi/bin/../lib/gcc/arm-none-eabi/6.3.1/../../../../arm-none-eabi/lib/thumb/v6-m/libc.a(lib_a-fini.o)
                0x0000000000002410                __libc_fini_array
 .text.__retarget_lock_acquire_recursive
                0x0000000000002444        0x4 /home/babu/work-zone/firmware/microchip/gcc/arm-gnu-toolchain-6.3.1.508-linux.any.x86_64/arm-none-eabi/bin/../lib/gcc/arm-none-eabi/6.3.1/../../../../arm-none-eabi/lib/thumb/v6-m/libc.a(lib_a-lock.o)
                0x0000000000002444                __retarget_lock_acquire_recursive
 .text.__retarget_lock_release_recursive
                0x0000000000002448        0x4 /home/babu/work-zone/firmware/microchip/gcc/arm-gnu-toolchain-6.3.1.508-linux.any.x86_64/arm-none-eabi/bin/../lib/gcc/arm-none-eabi/6.3.1/../../../../arm-none-eabi/lib/thumb/v6-m/libc.a(lib_a-lock.o)
                0x0000000000002448                __retarget_lock_release_recursive
 .text.__register_exitproc
                0x000000000000244c       0xf4 /home/babu/work-zone/firmware/microchip/gcc/arm-gnu-toolchain-6.3.1.508-linux.any.x86_64/arm-none-eabi/bin/../lib/gcc/arm-none-eabi/6.3.1/../../../../arm-none-eabi/lib/thumb/v6-m/libc.a(lib_a-__atexit.o)
                0x000000000000244c                __register_exitproc
 .text          0x0000000000002540      0x114 /home/babu/work-zone/firmware/microchip/gcc/arm-gnu-toolchain-6.3.1.508-linux.any.x86_64/arm-none-eabi/bin/../lib/gcc/arm-none-eabi/6.3.1/thumb/v6-m/libgcc.a(_udivsi3.o)
                0x0000000000002540                __udivsi3
                0x0000000000002540                __aeabi_uidiv
                0x000000000000264c                __aeabi_uidivmod
 *(.glue_7t)
 .glue_7t       0x0000000000002654        0x0 linker stubs
 *(.glue_7)
 .glue_7        0x0000000000002654        0x0 linker stubs
 *(.rodata .rodata* .gnu.linkonce.r.*)
 .rodata.str1.1
                0x0000000000002654        0xe build/toy-train-config/production/_ext/1360937237/bleTask.o
 .rodata.str1.1
                0x0000000000002662        0x9 build/toy-train-config/production/_ext/1360937237/hallSensorTask.o
 .rodata.str1.1
                0x0000000000002662       0x12 build/toy-train-config/production/_ext/1360937237/photoSensorTask.o
 .rodata.str1.1
                0x0000000000002674        0x8 build/toy-train-config/production/_ext/1360937237/sTimerTask.o
 .rodata.str1.1
                0x0000000000002674        0x5 build/toy-train-config/production/_ext/404212886/FreeRTOS_tasks.o
 .rodata.str1.1
                0x0000000000002679        0x5 build/toy-train-config/production/_ext/1360937237/printStr.o
                                          0x2 (size before relaxing)
 .rodata.str1.1
                0x0000000000002679       0x1d build/toy-train-config/production/_ext/1360937237/color.o
 .rodata        0x0000000000002696        0x1 build/toy-train-config/production/_ext/1360937237/music.o
                0x0000000000002696                __nullMusic
 .rodata        0x0000000000002697        0x0 build/toy-train-config/production/_ext/1360937237/powerOffMusic.o
                0x0000000000002697                __powerOffMusic
 .rodata        0x0000000000002697    0x1f4a8 build/toy-train-config/production/_ext/1360937237/powerOnMusic.o
                0x0000000000002697                __powerOnMusic
 .rodata        0x0000000000021b3f        0x0 build/toy-train-config/production/_ext/1360937237/sampleMusicOne.o
                0x0000000000021b3f                __sampleOneMusic
 .rodata        0x0000000000021b3f        0x0 build/toy-train-config/production/_ext/1360937237/sampleMusicTwo.o
                0x0000000000021b3f                __sampleTwoMusic
 .rodata        0x0000000000021b3f       0x60 build/toy-train-config/production/_ext/1360937237/hornMusic.o
                0x0000000000021b3f                __hornMusic
 .rodata        0x0000000000021b9f        0x0 build/toy-train-config/production/_ext/1360937237/bleOnMusic.o
                0x0000000000021b9f                __bleOnMusic
 .rodata        0x0000000000021b9f       0x60 build/toy-train-config/production/_ext/1360937237/bleOffMusic.o
                0x0000000000021b9f                __bleOffMusic
 .rodata        0x0000000000021bff      0x110 build/toy-train-config/production/_ext/1360937237/bellMusic.o
                0x0000000000021bff                __bellMusic
 .rodata        0x0000000000021d0f        0x0 build/toy-train-config/production/_ext/1360937237/carWashMusic.o
                0x0000000000021d0f                __carWashMusic
 .rodata.str1.1
                0x0000000000021d0f       0x1a build/toy-train-config/production/_ext/1360937237/main.o
 *fill*         0x0000000000021d0f        0x1 
 .rodata._global_impure_ptr
                0x0000000000021d10        0x4 /home/babu/work-zone/firmware/microchip/gcc/arm-gnu-toolchain-6.3.1.508-linux.any.x86_64/arm-none-eabi/bin/../lib/gcc/arm-none-eabi/6.3.1/../../../../arm-none-eabi/lib/thumb/v6-m/libc.a(lib_a-impure.o)
                0x0000000000021d10                _global_impure_ptr
 .rodata.__utoa.str1.4
                0x0000000000021d14       0x28 /home/babu/work-zone/firmware/microchip/gcc/arm-gnu-toolchain-6.3.1.508-linux.any.x86_64/arm-none-eabi/bin/../lib/gcc/arm-none-eabi/6.3.1/../../../../arm-none-eabi/lib/thumb/v6-m/libc.a(lib_a-utoa.o)
                                         0x25 (size before relaxing)
 *(.ARM.extab* .gnu.linkonce.armextab.*)
                0x0000000000021d3c                . = ALIGN (0x4)
 *(.init)
 .init          0x0000000000021d3c        0x4 /home/babu/work-zone/firmware/microchip/gcc/arm-gnu-toolchain-6.3.1.508-linux.any.x86_64/arm-none-eabi/bin/../lib/gcc/arm-none-eabi/6.3.1/thumb/v6-m/crti.o
                0x0000000000021d3c                _init
 .init          0x0000000000021d40        0x8 /home/babu/work-zone/firmware/microchip/gcc/arm-gnu-toolchain-6.3.1.508-linux.any.x86_64/arm-none-eabi/bin/../lib/gcc/arm-none-eabi/6.3.1/thumb/v6-m/crtn.o
                0x0000000000021d48                . = ALIGN (0x4)
                0x0000000000021d48                __preinit_array_start = .
 *(.preinit_array)
                0x0000000000021d48                __preinit_array_end = .
                0x0000000000021d48                . = ALIGN (0x4)
                0x0000000000021d48                __init_array_start = .
 *(SORT(.init_array.*))
 .init_array.00000
                0x0000000000021d48        0x4 /home/babu/work-zone/firmware/microchip/gcc/arm-gnu-toolchain-6.3.1.508-linux.any.x86_64/arm-none-eabi/bin/../lib/gcc/arm-none-eabi/6.3.1/../../../../arm-none-eabi/lib/thumb/v6-m/libc.a(lib_a-__call_atexit.o)
 *(.init_array)
 .init_array    0x0000000000021d4c        0x4 /home/babu/work-zone/firmware/microchip/gcc/arm-gnu-toolchain-6.3.1.508-linux.any.x86_64/arm-none-eabi/bin/../lib/gcc/arm-none-eabi/6.3.1/thumb/v6-m/crtbegin.o
                0x0000000000021d50                __init_array_end = .
                0x0000000000021d50                . = ALIGN (0x4)
 *crtbegin.o(.ctors)
 *(EXCLUDE_FILE(*crtend.o) .ctors)
 *(SORT(.ctors.*))
 *crtend.o(.ctors)
                0x0000000000021d50                . = ALIGN (0x4)
 *(.fini)
 .fini          0x0000000000021d50        0x4 /home/babu/work-zone/firmware/microchip/gcc/arm-gnu-toolchain-6.3.1.508-linux.any.x86_64/arm-none-eabi/bin/../lib/gcc/arm-none-eabi/6.3.1/thumb/v6-m/crti.o
                0x0000000000021d50                _fini
 .fini          0x0000000000021d54        0x8 /home/babu/work-zone/firmware/microchip/gcc/arm-gnu-toolchain-6.3.1.508-linux.any.x86_64/arm-none-eabi/bin/../lib/gcc/arm-none-eabi/6.3.1/thumb/v6-m/crtn.o
                0x0000000000021d5c                . = ALIGN (0x4)
                0x0000000000021d5c                __fini_array_start = .
 *(.fini_array)
 .fini_array    0x0000000000021d5c        0x4 /home/babu/work-zone/firmware/microchip/gcc/arm-gnu-toolchain-6.3.1.508-linux.any.x86_64/arm-none-eabi/bin/../lib/gcc/arm-none-eabi/6.3.1/thumb/v6-m/crtbegin.o
 *(SORT(.fini_array.*))
                0x0000000000021d60                __fini_array_end = .
 *crtbegin.o(.dtors)
 *(EXCLUDE_FILE(*crtend.o) .dtors)
 *(SORT(.dtors.*))
 *crtend.o(.dtors)
                0x0000000000021d60                . = ALIGN (0x4)
                0x0000000000021d60                _efixed = .
                [!provide]                        PROVIDE (__exidx_start, .)

.vfp11_veneer   0x0000000000021d60        0x0
 .vfp11_veneer  0x0000000000021d60        0x0 linker stubs

.v4_bx          0x0000000000021d60        0x0
 .v4_bx         0x0000000000021d60        0x0 linker stubs

.iplt           0x0000000000021d60        0x0
 .iplt          0x0000000000021d60        0x0 /home/babu/work-zone/firmware/microchip/gcc/arm-gnu-toolchain-6.3.1.508-linux.any.x86_64/arm-none-eabi/bin/../lib/gcc/arm-none-eabi/6.3.1/thumb/v6-m/crtbegin.o

.eh_frame       0x0000000000021d60        0x0
 .eh_frame      0x0000000000021d60        0x0 /home/babu/work-zone/firmware/microchip/gcc/arm-gnu-toolchain-6.3.1.508-linux.any.x86_64/arm-none-eabi/bin/../lib/gcc/arm-none-eabi/6.3.1/thumb/v6-m/crtbegin.o

.rel.dyn        0x0000000000021d60        0x0
 .rel.iplt      0x0000000000021d60        0x0 /home/babu/work-zone/firmware/microchip/gcc/arm-gnu-toolchain-6.3.1.508-linux.any.x86_64/arm-none-eabi/bin/../lib/gcc/arm-none-eabi/6.3.1/thumb/v6-m/crtbegin.o

.jcr            0x0000000000021d60        0x0
 .jcr           0x0000000000021d60        0x0 /home/babu/work-zone/firmware/microchip/gcc/arm-gnu-toolchain-6.3.1.508-linux.any.x86_64/arm-none-eabi/bin/../lib/gcc/arm-none-eabi/6.3.1/thumb/v6-m/crtbegin.o

.igot.plt       0x0000000000021d60        0x0
 .igot.plt      0x0000000000021d60        0x0 /home/babu/work-zone/firmware/microchip/gcc/arm-gnu-toolchain-6.3.1.508-linux.any.x86_64/arm-none-eabi/bin/../lib/gcc/arm-none-eabi/6.3.1/thumb/v6-m/crtbegin.o

.ARM.exidx
 *(.ARM.exidx* .gnu.linkonce.armexidx.*)
                [!provide]                        PROVIDE (__exidx_end, .)
                0x0000000000021d60                . = ALIGN (0x4)
                0x0000000000021d60                _etext = .

.relocate       0x0000000020000000      0x434 load address 0x0000000000021d60
                0x0000000020000000                . = ALIGN (0x4)
                0x0000000020000000                _srelocate = .
 *(.ramfunc .ramfunc.*)
 *(.data .data.*)
 .data          0x0000000020000000        0x4 build/toy-train-config/production/_ext/1624415188/port.o
 .data          0x0000000020000004        0x3 build/toy-train-config/production/_ext/1360937237/AppGlobals.o
                0x0000000020000004                g_CarWashWaitTime
                0x0000000020000006                g_HallReasultWaitCounter
 *fill*         0x0000000020000007        0x1 
 .data.impure_data
                0x0000000020000008      0x428 /home/babu/work-zone/firmware/microchip/gcc/arm-gnu-toolchain-6.3.1.508-linux.any.x86_64/arm-none-eabi/bin/../lib/gcc/arm-none-eabi/6.3.1/../../../../arm-none-eabi/lib/thumb/v6-m/libc.a(lib_a-impure.o)
 .data.__atexit_recursive_mutex
                0x0000000020000430        0x4 /home/babu/work-zone/firmware/microchip/gcc/arm-gnu-toolchain-6.3.1.508-linux.any.x86_64/arm-none-eabi/bin/../lib/gcc/arm-none-eabi/6.3.1/../../../../arm-none-eabi/lib/thumb/v6-m/libc.a(lib_a-__call_atexit.o)
                0x0000000020000430                __atexit_recursive_mutex
                0x0000000020000434                . = ALIGN (0x4)
                0x0000000020000434                _erelocate = .

.bss            0x0000000020000440     0x2b20 load address 0x00000000000221a0
                0x0000000020000440                . = ALIGN (0x4)
                0x0000000020000440                _sbss = .
                0x0000000020000440                _szero = .
 *(.bss .bss.*)
 .bss           0x0000000020000440       0x1c /home/babu/work-zone/firmware/microchip/gcc/arm-gnu-toolchain-6.3.1.508-linux.any.x86_64/arm-none-eabi/bin/../lib/gcc/arm-none-eabi/6.3.1/thumb/v6-m/crtbegin.o
 .bss           0x000000002000045c        0x8 build/toy-train-config/production/_ext/1360937237/bleTask.o
                0x000000002000045c                writeStatus
                0x000000002000045d                errorStatus
                0x0000000020000460                BleTxWk
 .bss           0x0000000020000464        0xc build/toy-train-config/production/_ext/1360937237/photoSensorTask.o
                0x0000000020000464                xHigherPriorityTaskWoken
                0x000000002000046c                myAppObj
 .bss           0x0000000020000470       0x60 build/toy-train-config/production/_ext/2032294920/plib_dmac.o
 .bss           0x00000000200004d0       0x30 build/toy-train-config/production/_ext/2071837988/plib_sercom2_usart.o
 .bss           0x0000000020000500     0x2808 build/toy-train-config/production/_ext/1665200909/heap_1.o
 .bss           0x0000000020002d08      0x104 build/toy-train-config/production/_ext/404212886/FreeRTOS_tasks.o
                0x0000000020002d14                pxCurrentTCB
 .bss           0x0000000020002e0c        0x5 build/toy-train-config/production/_ext/1360937237/AppGlobals.o
                0x0000000020002e0c                g_DefaultMusicTimeout
                0x0000000020002e0e                g_PhotoDiodeLastReadInterval
                0x0000000020002e10                g_HallSensorInertiaCounter
 *fill*         0x0000000020002e11        0xf 
 .bss           0x0000000020002e20       0x10 build/toy-train-config/production/_ext/1360937237/audio.o
 *(COMMON)
 COMMON         0x0000000020002e30       0x20 build/toy-train-config/production/_ext/1360937237/bleTask.o
                0x0000000020002e30                bluetooth
                0x0000000020002e35                blutoothSerialData
                0x0000000020002e3f                blutoothCommand
                0x0000000020002e4c                xBleHandle
 COMMON         0x0000000020002e50        0x4 build/toy-train-config/production/_ext/1360937237/hallSensorTask.o
                0x0000000020002e50                xHallSensorTaskHandler
 COMMON         0x0000000020002e54       0x8e build/toy-train-config/production/_ext/1360937237/photoSensorTask.o
                0x0000000020002e54                xHandlerPhotoTask
                0x0000000020002e58                pdColor
                0x0000000020002e62                adc_result_array
 *fill*         0x0000000020002ee2        0x2 
 COMMON         0x0000000020002ee4       0x50 build/toy-train-config/production/_ext/1360937237/audio.o
                0x0000000020002ee4                musicFileAray
                0x0000000020002f0c                musicSizeArray
 COMMON         0x0000000020002f34        0x4 build/toy-train-config/production/_ext/1360937237/motorControl.o
                0x0000000020002f34                motor
 COMMON         0x0000000020002f38        0x3 build/toy-train-config/production/_ext/1360937237/hallSensor.o
                0x0000000020002f38                hallSensor
 *fill*         0x0000000020002f3b        0x1 
 COMMON         0x0000000020002f3c       0x21 /home/babu/work-zone/firmware/microchip/gcc/arm-gnu-toolchain-6.3.1.508-linux.any.x86_64/arm-none-eabi/bin/../lib/gcc/arm-none-eabi/6.3.1/../../../../arm-none-eabi/lib/thumb/v6-m/libc.a(lib_a-lock.o)
                0x0000000020002f3c                __lock___atexit_recursive_mutex
                0x0000000020002f40                __lock___arc4random_mutex
                0x0000000020002f44                __lock___env_recursive_mutex
                0x0000000020002f48                __lock___sinit_recursive_mutex
                0x0000000020002f4c                __lock___malloc_recursive_mutex
                0x0000000020002f50                __lock___at_quick_exit_mutex
                0x0000000020002f54                __lock___dd_hash_mutex
                0x0000000020002f58                __lock___tz_mutex
                0x0000000020002f5c                __lock___sfp_recursive_mutex
                0x0000000020002f60                . = ALIGN (0x4)
 *fill*         0x0000000020002f5d        0x3 
                0x0000000020002f60                _ebss = .
                0x0000000020002f60                _ezero = .

.stack          0x0000000020002f60     0x2000 load address 0x0000000000024cc0
                0x0000000020002f60                . = ALIGN (0x8)
                0x0000000020002f60                _sstack = .
                0x0000000020004f60                . = (. + STACK_SIZE)
 *fill*         0x0000000020002f60     0x2000 
                0x0000000020004f60                . = ALIGN (0x8)
                0x0000000020004f60                _stack = .
                0x0000000020004f60                . = ALIGN (0x4)
                0x0000000020004f60                _end = .
OUTPUT(dist/toy-train-config/production/toy-train-v2.1.X.production.elf elf32-littlearm)

.ARM.attributes
                0x0000000000000000       0x28
 .ARM.attributes
                0x0000000000000000       0x1e /home/babu/work-zone/firmware/microchip/gcc/arm-gnu-toolchain-6.3.1.508-linux.any.x86_64/arm-none-eabi/bin/../lib/gcc/arm-none-eabi/6.3.1/thumb/v6-m/crti.o
 .ARM.attributes
                0x000000000000001e       0x2c /home/babu/work-zone/firmware/microchip/gcc/arm-gnu-toolchain-6.3.1.508-linux.any.x86_64/arm-none-eabi/bin/../lib/gcc/arm-none-eabi/6.3.1/thumb/v6-m/crtbegin.o
 .ARM.attributes
                0x000000000000004a       0x32 build/toy-train-config/production/_ext/1360937237/bleTask.o
 .ARM.attributes
                0x000000000000007c       0x32 build/toy-train-config/production/_ext/1360937237/hallSensorTask.o
 .ARM.attributes
                0x00000000000000ae       0x32 build/toy-train-config/production/_ext/1360937237/photoSensorTask.o
 .ARM.attributes
                0x00000000000000e0       0x32 build/toy-train-config/production/_ext/1360937237/sTimerTask.o
 .ARM.attributes
                0x0000000000000112       0x32 build/toy-train-config/production/_ext/1312487053/plib_adc.o
 .ARM.attributes
                0x0000000000000144       0x32 build/toy-train-config/production/_ext/1422427169/plib_clock.o
 .ARM.attributes
                0x0000000000000176       0x32 build/toy-train-config/production/_ext/1312484263/plib_dac.o
 .ARM.attributes
                0x00000000000001a8       0x32 build/toy-train-config/production/_ext/2032294920/plib_dmac.o
 .ARM.attributes
                0x00000000000001da       0x32 build/toy-train-config/production/_ext/1424576655/plib_evsys.o
 .ARM.attributes
                0x000000000000020c       0x32 build/toy-train-config/production/_ext/2031988113/plib_nvic.o
 .ARM.attributes
                0x000000000000023e       0x32 build/toy-train-config/production/_ext/1684995357/plib_nvmctrl.o
 .ARM.attributes
                0x0000000000000270       0x32 build/toy-train-config/production/_ext/2031934962/plib_port.o
 .ARM.attributes
                0x00000000000002a2       0x32 build/toy-train-config/production/_ext/2071837988/plib_sercom0_usart.o
 .ARM.attributes
                0x00000000000002d4       0x32 build/toy-train-config/production/_ext/2071837988/plib_sercom2_usart.o
 .ARM.attributes
                0x0000000000000306       0x32 build/toy-train-config/production/_ext/873621700/plib_tc3.o
 .ARM.attributes
                0x0000000000000338       0x32 build/toy-train-config/production/_ext/873621700/plib_tc4.o
 .ARM.attributes
                0x000000000000036a       0x32 build/toy-train-config/production/_ext/1312468825/plib_tcc2.o
 .ARM.attributes
                0x000000000000039c       0x32 build/toy-train-config/production/_ext/1312468825/plib_tcc0.o
 .ARM.attributes
                0x00000000000003ce       0x32 build/toy-train-config/production/_ext/1423632105/initialization.o
 .ARM.attributes
                0x0000000000000400       0x32 build/toy-train-config/production/_ext/1423632105/interrupts.o
 .ARM.attributes
                0x0000000000000432       0x32 build/toy-train-config/production/_ext/1423632105/exceptions.o
 .ARM.attributes
                0x0000000000000464       0x32 build/toy-train-config/production/_ext/336147711/startup_gcc.o
 .ARM.attributes
                0x0000000000000496       0x32 build/toy-train-config/production/_ext/1423632105/freertos_hooks.o
 .ARM.attributes
                0x00000000000004c8       0x32 build/toy-train-config/production/_ext/1624415188/port.o
 .ARM.attributes
                0x00000000000004fa       0x32 build/toy-train-config/production/_ext/1665200909/heap_1.o
 .ARM.attributes
                0x000000000000052c       0x32 build/toy-train-config/production/_ext/404212886/list.o
 .ARM.attributes
                0x000000000000055e       0x32 build/toy-train-config/production/_ext/404212886/FreeRTOS_tasks.o
 .ARM.attributes
                0x0000000000000590       0x32 build/toy-train-config/production/_ext/1360937237/printStr.o
 .ARM.attributes
                0x00000000000005c2       0x32 build/toy-train-config/production/_ext/1360937237/sort.o
 .ARM.attributes
                0x00000000000005f4       0x32 build/toy-train-config/production/_ext/1360937237/color.o
 .ARM.attributes
                0x0000000000000626       0x32 build/toy-train-config/production/_ext/1360937237/music.o
 .ARM.attributes
                0x0000000000000658       0x32 build/toy-train-config/production/_ext/1360937237/powerOffMusic.o
 .ARM.attributes
                0x000000000000068a       0x32 build/toy-train-config/production/_ext/1360937237/powerOnMusic.o
 .ARM.attributes
                0x00000000000006bc       0x32 build/toy-train-config/production/_ext/1360937237/sampleMusicOne.o
 .ARM.attributes
                0x00000000000006ee       0x32 build/toy-train-config/production/_ext/1360937237/sampleMusicTwo.o
 .ARM.attributes
                0x0000000000000720       0x32 build/toy-train-config/production/_ext/1360937237/hornMusic.o
 .ARM.attributes
                0x0000000000000752       0x32 build/toy-train-config/production/_ext/1360937237/bleOnMusic.o
 .ARM.attributes
                0x0000000000000784       0x32 build/toy-train-config/production/_ext/1360937237/bleOffMusic.o
 .ARM.attributes
                0x00000000000007b6       0x32 build/toy-train-config/production/_ext/1360937237/bellMusic.o
 .ARM.attributes
                0x00000000000007e8       0x32 build/toy-train-config/production/_ext/1360937237/carWashMusic.o
 .ARM.attributes
                0x000000000000081a       0x32 build/toy-train-config/production/_ext/1360937237/AppGlobals.o
 .ARM.attributes
                0x000000000000084c       0x32 build/toy-train-config/production/_ext/1360937237/audio.o
 .ARM.attributes
                0x000000000000087e       0x32 build/toy-train-config/production/_ext/1360937237/motorControl.o
 .ARM.attributes
                0x00000000000008b0       0x32 build/toy-train-config/production/_ext/1360937237/rgbLed.o
 .ARM.attributes
                0x00000000000008e2       0x32 build/toy-train-config/production/_ext/1360937237/hallSensor.o
 .ARM.attributes
                0x0000000000000914       0x32 build/toy-train-config/production/_ext/1360937237/main.o
 .ARM.attributes
                0x0000000000000946       0x1e /home/babu/work-zone/firmware/microchip/gcc/arm-gnu-toolchain-6.3.1.508-linux.any.x86_64/arm-none-eabi/bin/../lib/gcc/arm-none-eabi/6.3.1/thumb/v6-m/libgcc.a(_thumb1_case_uqi.o)
 .ARM.attributes
                0x0000000000000964       0x1e /home/babu/work-zone/firmware/microchip/gcc/arm-gnu-toolchain-6.3.1.508-linux.any.x86_64/arm-none-eabi/bin/../lib/gcc/arm-none-eabi/6.3.1/thumb/v6-m/libgcc.a(_divsi3.o)
 .ARM.attributes
                0x0000000000000982       0x1e /home/babu/work-zone/firmware/microchip/gcc/arm-gnu-toolchain-6.3.1.508-linux.any.x86_64/arm-none-eabi/bin/../lib/gcc/arm-none-eabi/6.3.1/thumb/v6-m/libgcc.a(_dvmd_tls.o)
 .ARM.attributes
                0x00000000000009a0       0x2c /home/babu/work-zone/firmware/microchip/gcc/arm-gnu-toolchain-6.3.1.508-linux.any.x86_64/arm-none-eabi/bin/../lib/gcc/arm-none-eabi/6.3.1/../../../../arm-none-eabi/lib/thumb/v6-m/libc.a(lib_a-impure.o)
 .ARM.attributes
                0x00000000000009cc       0x2c /home/babu/work-zone/firmware/microchip/gcc/arm-gnu-toolchain-6.3.1.508-linux.any.x86_64/arm-none-eabi/bin/../lib/gcc/arm-none-eabi/6.3.1/../../../../arm-none-eabi/lib/thumb/v6-m/libc.a(lib_a-init.o)
 .ARM.attributes
                0x00000000000009f8       0x2c /home/babu/work-zone/firmware/microchip/gcc/arm-gnu-toolchain-6.3.1.508-linux.any.x86_64/arm-none-eabi/bin/../lib/gcc/arm-none-eabi/6.3.1/../../../../arm-none-eabi/lib/thumb/v6-m/libc.a(lib_a-itoa.o)
 .ARM.attributes
                0x0000000000000a24       0x2c /home/babu/work-zone/firmware/microchip/gcc/arm-gnu-toolchain-6.3.1.508-linux.any.x86_64/arm-none-eabi/bin/../lib/gcc/arm-none-eabi/6.3.1/../../../../arm-none-eabi/lib/thumb/v6-m/libc.a(lib_a-memcpy-stub.o)
 .ARM.attributes
                0x0000000000000a50       0x2c /home/babu/work-zone/firmware/microchip/gcc/arm-gnu-toolchain-6.3.1.508-linux.any.x86_64/arm-none-eabi/bin/../lib/gcc/arm-none-eabi/6.3.1/../../../../arm-none-eabi/lib/thumb/v6-m/libc.a(lib_a-memset.o)
 .ARM.attributes
                0x0000000000000a7c       0x2c /home/babu/work-zone/firmware/microchip/gcc/arm-gnu-toolchain-6.3.1.508-linux.any.x86_64/arm-none-eabi/bin/../lib/gcc/arm-none-eabi/6.3.1/../../../../arm-none-eabi/lib/thumb/v6-m/libc.a(lib_a-strcat.o)
 .ARM.attributes
                0x0000000000000aa8       0x2c /home/babu/work-zone/firmware/microchip/gcc/arm-gnu-toolchain-6.3.1.508-linux.any.x86_64/arm-none-eabi/bin/../lib/gcc/arm-none-eabi/6.3.1/../../../../arm-none-eabi/lib/thumb/v6-m/libc.a(lib_a-strcpy.o)
 .ARM.attributes
                0x0000000000000ad4       0x2c /home/babu/work-zone/firmware/microchip/gcc/arm-gnu-toolchain-6.3.1.508-linux.any.x86_64/arm-none-eabi/bin/../lib/gcc/arm-none-eabi/6.3.1/../../../../arm-none-eabi/lib/thumb/v6-m/libc.a(lib_a-utoa.o)
 .ARM.attributes
                0x0000000000000b00       0x2c /home/babu/work-zone/firmware/microchip/gcc/arm-gnu-toolchain-6.3.1.508-linux.any.x86_64/arm-none-eabi/bin/../lib/gcc/arm-none-eabi/6.3.1/../../../../arm-none-eabi/lib/thumb/v6-m/libc.a(lib_a-__call_atexit.o)
 .ARM.attributes
                0x0000000000000b2c       0x2c /home/babu/work-zone/firmware/microchip/gcc/arm-gnu-toolchain-6.3.1.508-linux.any.x86_64/arm-none-eabi/bin/../lib/gcc/arm-none-eabi/6.3.1/../../../../arm-none-eabi/lib/thumb/v6-m/libc.a(lib_a-atexit.o)
 .ARM.attributes
                0x0000000000000b58       0x2c /home/babu/work-zone/firmware/microchip/gcc/arm-gnu-toolchain-6.3.1.508-linux.any.x86_64/arm-none-eabi/bin/../lib/gcc/arm-none-eabi/6.3.1/../../../../arm-none-eabi/lib/thumb/v6-m/libc.a(lib_a-fini.o)
 .ARM.attributes
                0x0000000000000b84       0x2c /home/babu/work-zone/firmware/microchip/gcc/arm-gnu-toolchain-6.3.1.508-linux.any.x86_64/arm-none-eabi/bin/../lib/gcc/arm-none-eabi/6.3.1/../../../../arm-none-eabi/lib/thumb/v6-m/libc.a(lib_a-lock.o)
 .ARM.attributes
                0x0000000000000bb0       0x2c /home/babu/work-zone/firmware/microchip/gcc/arm-gnu-toolchain-6.3.1.508-linux.any.x86_64/arm-none-eabi/bin/../lib/gcc/arm-none-eabi/6.3.1/../../../../arm-none-eabi/lib/thumb/v6-m/libc.a(lib_a-__atexit.o)
 .ARM.attributes
                0x0000000000000bdc       0x1e /home/babu/work-zone/firmware/microchip/gcc/arm-gnu-toolchain-6.3.1.508-linux.any.x86_64/arm-none-eabi/bin/../lib/gcc/arm-none-eabi/6.3.1/thumb/v6-m/libgcc.a(_udivsi3.o)
 .ARM.attributes
                0x0000000000000bfa       0x1e /home/babu/work-zone/firmware/microchip/gcc/arm-gnu-toolchain-6.3.1.508-linux.any.x86_64/arm-none-eabi/bin/../lib/gcc/arm-none-eabi/6.3.1/thumb/v6-m/crtn.o

.comment        0x0000000000000000       0x59
 .comment       0x0000000000000000       0x59 build/toy-train-config/production/_ext/1360937237/bleTask.o
                                         0x5a (size before relaxing)
 .comment       0x0000000000000059       0x5a build/toy-train-config/production/_ext/1360937237/hallSensorTask.o
 .comment       0x0000000000000059       0x5a build/toy-train-config/production/_ext/1360937237/photoSensorTask.o
 .comment       0x0000000000000059       0x5a build/toy-train-config/production/_ext/1360937237/sTimerTask.o
 .comment       0x0000000000000059       0x5a build/toy-train-config/production/_ext/1312487053/plib_adc.o
 .comment       0x0000000000000059       0x5a build/toy-train-config/production/_ext/1422427169/plib_clock.o
 .comment       0x0000000000000059       0x5a build/toy-train-config/production/_ext/1312484263/plib_dac.o
 .comment       0x0000000000000059       0x5a build/toy-train-config/production/_ext/2032294920/plib_dmac.o
 .comment       0x0000000000000059       0x5a build/toy-train-config/production/_ext/1424576655/plib_evsys.o
 .comment       0x0000000000000059       0x5a build/toy-train-config/production/_ext/2031988113/plib_nvic.o
 .comment       0x0000000000000059       0x5a build/toy-train-config/production/_ext/1684995357/plib_nvmctrl.o
 .comment       0x0000000000000059       0x5a build/toy-train-config/production/_ext/2031934962/plib_port.o
 .comment       0x0000000000000059       0x5a build/toy-train-config/production/_ext/2071837988/plib_sercom0_usart.o
 .comment       0x0000000000000059       0x5a build/toy-train-config/production/_ext/2071837988/plib_sercom2_usart.o
 .comment       0x0000000000000059       0x5a build/toy-train-config/production/_ext/873621700/plib_tc3.o
 .comment       0x0000000000000059       0x5a build/toy-train-config/production/_ext/873621700/plib_tc4.o
 .comment       0x0000000000000059       0x5a build/toy-train-config/production/_ext/1312468825/plib_tcc2.o
 .comment       0x0000000000000059       0x5a build/toy-train-config/production/_ext/1312468825/plib_tcc0.o
 .comment       0x0000000000000059       0x5a build/toy-train-config/production/_ext/1423632105/initialization.o
 .comment       0x0000000000000059       0x5a build/toy-train-config/production/_ext/1423632105/interrupts.o
 .comment       0x0000000000000059       0x5a build/toy-train-config/production/_ext/1423632105/exceptions.o
 .comment       0x0000000000000059       0x5a build/toy-train-config/production/_ext/336147711/startup_gcc.o
 .comment       0x0000000000000059       0x5a build/toy-train-config/production/_ext/1423632105/freertos_hooks.o
 .comment       0x0000000000000059       0x5a build/toy-train-config/production/_ext/1624415188/port.o
 .comment       0x0000000000000059       0x5a build/toy-train-config/production/_ext/1665200909/heap_1.o
 .comment       0x0000000000000059       0x5a build/toy-train-config/production/_ext/404212886/list.o
 .comment       0x0000000000000059       0x5a build/toy-train-config/production/_ext/404212886/FreeRTOS_tasks.o
 .comment       0x0000000000000059       0x5a build/toy-train-config/production/_ext/1360937237/printStr.o
 .comment       0x0000000000000059       0x5a build/toy-train-config/production/_ext/1360937237/sort.o
 .comment       0x0000000000000059       0x5a build/toy-train-config/production/_ext/1360937237/color.o
 .comment       0x0000000000000059       0x5a build/toy-train-config/production/_ext/1360937237/music.o
 .comment       0x0000000000000059       0x5a build/toy-train-config/production/_ext/1360937237/powerOffMusic.o
 .comment       0x0000000000000059       0x5a build/toy-train-config/production/_ext/1360937237/powerOnMusic.o
 .comment       0x0000000000000059       0x5a build/toy-train-config/production/_ext/1360937237/sampleMusicOne.o
 .comment       0x0000000000000059       0x5a build/toy-train-config/production/_ext/1360937237/sampleMusicTwo.o
 .comment       0x0000000000000059       0x5a build/toy-train-config/production/_ext/1360937237/hornMusic.o
 .comment       0x0000000000000059       0x5a build/toy-train-config/production/_ext/1360937237/bleOnMusic.o
 .comment       0x0000000000000059       0x5a build/toy-train-config/production/_ext/1360937237/bleOffMusic.o
 .comment       0x0000000000000059       0x5a build/toy-train-config/production/_ext/1360937237/bellMusic.o
 .comment       0x0000000000000059       0x5a build/toy-train-config/production/_ext/1360937237/carWashMusic.o
 .comment       0x0000000000000059       0x5a build/toy-train-config/production/_ext/1360937237/AppGlobals.o
 .comment       0x0000000000000059       0x5a build/toy-train-config/production/_ext/1360937237/audio.o
 .comment       0x0000000000000059       0x5a build/toy-train-config/production/_ext/1360937237/motorControl.o
 .comment       0x0000000000000059       0x5a build/toy-train-config/production/_ext/1360937237/rgbLed.o
 .comment       0x0000000000000059       0x5a build/toy-train-config/production/_ext/1360937237/hallSensor.o
 .comment       0x0000000000000059       0x5a build/toy-train-config/production/_ext/1360937237/main.o

.debug_frame    0x0000000000000000      0x340
 .debug_frame   0x0000000000000000       0x20 /home/babu/work-zone/firmware/microchip/gcc/arm-gnu-toolchain-6.3.1.508-linux.any.x86_64/arm-none-eabi/bin/../lib/gcc/arm-none-eabi/6.3.1/thumb/v6-m/libgcc.a(_divsi3.o)
 .debug_frame   0x0000000000000020       0x2c /home/babu/work-zone/firmware/microchip/gcc/arm-gnu-toolchain-6.3.1.508-linux.any.x86_64/arm-none-eabi/bin/../lib/gcc/arm-none-eabi/6.3.1/../../../../arm-none-eabi/lib/thumb/v6-m/libc.a(lib_a-init.o)
 .debug_frame   0x000000000000004c       0x40 /home/babu/work-zone/firmware/microchip/gcc/arm-gnu-toolchain-6.3.1.508-linux.any.x86_64/arm-none-eabi/bin/../lib/gcc/arm-none-eabi/6.3.1/../../../../arm-none-eabi/lib/thumb/v6-m/libc.a(lib_a-itoa.o)
 .debug_frame   0x000000000000008c       0x30 /home/babu/work-zone/firmware/microchip/gcc/arm-gnu-toolchain-6.3.1.508-linux.any.x86_64/arm-none-eabi/bin/../lib/gcc/arm-none-eabi/6.3.1/../../../../arm-none-eabi/lib/thumb/v6-m/libc.a(lib_a-memcpy-stub.o)
 .debug_frame   0x00000000000000bc       0x30 /home/babu/work-zone/firmware/microchip/gcc/arm-gnu-toolchain-6.3.1.508-linux.any.x86_64/arm-none-eabi/bin/../lib/gcc/arm-none-eabi/6.3.1/../../../../arm-none-eabi/lib/thumb/v6-m/libc.a(lib_a-memset.o)
 .debug_frame   0x00000000000000ec       0x2c /home/babu/work-zone/firmware/microchip/gcc/arm-gnu-toolchain-6.3.1.508-linux.any.x86_64/arm-none-eabi/bin/../lib/gcc/arm-none-eabi/6.3.1/../../../../arm-none-eabi/lib/thumb/v6-m/libc.a(lib_a-strcat.o)
 .debug_frame   0x0000000000000118       0x20 /home/babu/work-zone/firmware/microchip/gcc/arm-gnu-toolchain-6.3.1.508-linux.any.x86_64/arm-none-eabi/bin/../lib/gcc/arm-none-eabi/6.3.1/../../../../arm-none-eabi/lib/thumb/v6-m/libc.a(lib_a-strcpy.o)
 .debug_frame   0x0000000000000138       0x54 /home/babu/work-zone/firmware/microchip/gcc/arm-gnu-toolchain-6.3.1.508-linux.any.x86_64/arm-none-eabi/bin/../lib/gcc/arm-none-eabi/6.3.1/../../../../arm-none-eabi/lib/thumb/v6-m/libc.a(lib_a-utoa.o)
 .debug_frame   0x000000000000018c       0x54 /home/babu/work-zone/firmware/microchip/gcc/arm-gnu-toolchain-6.3.1.508-linux.any.x86_64/arm-none-eabi/bin/../lib/gcc/arm-none-eabi/6.3.1/../../../../arm-none-eabi/lib/thumb/v6-m/libc.a(lib_a-__call_atexit.o)
 .debug_frame   0x00000000000001e0       0x28 /home/babu/work-zone/firmware/microchip/gcc/arm-gnu-toolchain-6.3.1.508-linux.any.x86_64/arm-none-eabi/bin/../lib/gcc/arm-none-eabi/6.3.1/../../../../arm-none-eabi/lib/thumb/v6-m/libc.a(lib_a-atexit.o)
 .debug_frame   0x0000000000000208       0x2c /home/babu/work-zone/firmware/microchip/gcc/arm-gnu-toolchain-6.3.1.508-linux.any.x86_64/arm-none-eabi/bin/../lib/gcc/arm-none-eabi/6.3.1/../../../../arm-none-eabi/lib/thumb/v6-m/libc.a(lib_a-fini.o)
 .debug_frame   0x0000000000000234       0xb0 /home/babu/work-zone/firmware/microchip/gcc/arm-gnu-toolchain-6.3.1.508-linux.any.x86_64/arm-none-eabi/bin/../lib/gcc/arm-none-eabi/6.3.1/../../../../arm-none-eabi/lib/thumb/v6-m/libc.a(lib_a-lock.o)
 .debug_frame   0x00000000000002e4       0x3c /home/babu/work-zone/firmware/microchip/gcc/arm-gnu-toolchain-6.3.1.508-linux.any.x86_64/arm-none-eabi/bin/../lib/gcc/arm-none-eabi/6.3.1/../../../../arm-none-eabi/lib/thumb/v6-m/libc.a(lib_a-__atexit.o)
 .debug_frame   0x0000000000000320       0x20 /home/babu/work-zone/firmware/microchip/gcc/arm-gnu-toolchain-6.3.1.508-linux.any.x86_64/arm-none-eabi/bin/../lib/gcc/arm-none-eabi/6.3.1/thumb/v6-m/libgcc.a(_udivsi3.o)
